// Jest Snapshot v1, https://goo.gl/fbAQLP

exports[`Todos should render as expected 1`] = `
<div>
  <input
    onChange={[Function]}
    type="text"
    value=""
  />
  <button
    onClick={[Function]}
  >
    Add
  </button>
  <ul />
</div>
`;
